src/config.ts(44,31): error TS2339: Property 'errors' does not exist on type 'ZodError<unknown>'.
src/config.ts(44,46): error TS7006: Parameter 'err' implicitly has an 'any' type.
src/constants.ts(13,29): error TS1355: A 'const' assertions can only be applied to references to enum members, or string, number, boolean, array, or object literals.
src/constants.ts(26,38): error TS1355: A 'const' assertions can only be applied to references to enum members, or string, number, boolean, array, or object literals.
src/constants.ts(34,37): error TS1355: A 'const' assertions can only be applied to references to enum members, or string, number, boolean, array, or object literals.
src/constants.ts(49,39): error TS1355: A 'const' assertions can only be applied to references to enum members, or string, number, boolean, array, or object literals.
src/constants.ts(65,35): error TS1355: A 'const' assertions can only be applied to references to enum members, or string, number, boolean, array, or object literals.
src/index.ts(72,21): error TS6133: 'req' is declared but its value is never read.
src/index.ts(117,10): error TS6133: 'req' is declared but its value is never read.
src/services/SecretManagerService.ts(89,47): error TS2554: Expected 0-2 arguments, but got 3.
src/services/SecretManagerService.ts(99,52): error TS6133: 'clientId' is declared but its value is never read.
src/services/SecretManagerService.ts(150,70): error TS2353: Object literal may only specify known properties, and 'projectId' does not exist in type 'Omit<AuditEvent, "timestamp" | "projectId">'.
src/services/SecretManagerService.ts(155,41): error TS2339: Property 'test' does not exist on type '"canary" | "honeypot" | "trap" | "mcp-admin-trap"'.
  Property 'test' does not exist on type '"canary"'.
src/services/SecretManagerService.ts(156,77): error TS2353: Object literal may only specify known properties, and 'projectId' does not exist in type 'Omit<AuditEvent, "timestamp" | "projectId">'.
src/services/SecretManagerService.ts(161,35): error TS2339: Property 'get' does not exist on type 'CacheService'.
src/services/SecretManagerService.ts(163,72): error TS2353: Object literal may only specify known properties, and 'projectId' does not exist in type 'Omit<AuditEvent, "timestamp" | "projectId">'.
src/services/SecretManagerService.ts(169,77): error TS2353: Object literal may only specify known properties, and 'projectId' does not exist in type 'Omit<AuditEvent, "timestamp" | "projectId">'.
src/services/SecretManagerService.ts(181,20): error TS2339: Property 'set' does not exist on type 'CacheService'.
src/services/SecretManagerService.ts(182,68): error TS2353: Object literal may only specify known properties, and 'projectId' does not exist in type 'Omit<AuditEvent, "timestamp" | "projectId">'.
src/services/SecretManagerService.ts(212,76): error TS2353: Object literal may only specify known properties, and 'projectId' does not exist in type 'Omit<AuditEvent, "timestamp" | "projectId">'.
src/services/SecretManagerService.ts(216,49): error TS6133: 'clientId' is declared but its value is never read.
src/services/SecretManagerService.ts(232,16): error TS6133: 'secret' is declared but its value is never read.
src/services/SecretManagerService.ts(241,71): error TS2353: Object literal may only specify known properties, and 'projectId' does not exist in type 'Omit<AuditEvent, "timestamp" | "projectId">'.
src/services/SecretManagerService.ts(261,69): error TS2353: Object literal may only specify known properties, and 'projectId' does not exist in type 'Omit<AuditEvent, "timestamp" | "projectId">'.
src/services/SecretManagerService.ts(271,73): error TS2353: Object literal may only specify known properties, and 'projectId' does not exist in type 'Omit<AuditEvent, "timestamp" | "projectId">'.
src/services/SecretManagerService.ts(292,78): error TS2353: Object literal may only specify known properties, and 'projectId' does not exist in type 'Omit<AuditEvent, "timestamp" | "projectId">'.
src/tools/readTools.ts(64,59): error TS2345: Argument of type 'number' is not assignable to parameter of type '20'.
